// Jest Snapshot v1, https://goo.gl/fbAQLP

exports[`<CardProduct /> criar um snapshot 1`] = `
<div>
  <div
    class=" rounded-xl relative "
  >
    <div
      class="flex items-center justify-between flex-col text-center w-64 shadow-sm rounded-2xl"
    >
      <div
        class="flex items-center justify-around w-full bg-gradient-to-b from-transparent from-40% to-[#FEFBF4] to-40%"
      >
        <div />
        <figure>
          <img
            alt="La Cuma"
            class="w-20"
            src="https://a.imagem.app/oNVBav.png"
            title="pizza de La Cuma"
          />
        </figure>
        <button
          class="border-2 border-red-500 rounded-md bg-red-200"
        >
          <svg
            class="lucide lucide-heart text-red-500"
            fill="none"
            height="24"
            stroke="currentColor"
            stroke-linecap="round"
            stroke-linejoin="round"
            stroke-width="2"
            viewBox="0 0 24 24"
            width="24"
            xmlns="http://www.w3.org/2000/svg"
          >
            <path
              d="M19 14c1.49-1.46 3-3.21 3-5.5A5.5 5.5 0 0 0 16.5 3c-1.76 0-3 .5-4.5 2-1.5-1.5-2.74-2-4.5-2A5.5 5.5 0 0 0 2 8.5c0 2.3 1.5 4.05 3 5.5l7 7Z"
            />
          </svg>
        </button>
      </div>
      <div
        class="bg-[#FEFBF4]"
      >
        <h3
          class="font-bold font-inter text-xl mt-3"
        >
          La Cuma
        </h3>
        <p
          class="font-normal text-sm font-inter my-3"
        >
          Lorem ipsum dolor sit amet, consectetur adipiscing elit.
        </p>
        <span
          class="text-2xl font-bold font-inter"
        >
          R$Â 29,90
        </span>
      </div>
      <div
        class="bg-gradient-to-b from-[#FEFBF4] from-50% to-transparent to-50% w-full pt-5"
      >
        <button
          class="bg-btn-orange uppercase text-sm font-semibold font-inter px-6 py-2  rounded-3xl"
        >
          Comprar Agora
        </button>
      </div>
    </div>
  </div>
</div>
`;
